------------------------------------------------------------
Timing Analyzer Summary
------------------------------------------------------------

Type  : Slow 1100mV 85C Model Setup 'clock_div:clock_divider|clk_out'
Slack : -9.136
TNS   : -837.974

Type  : Slow 1100mV 85C Model Setup 'CLOCK_50'
Slack : -1.734
TNS   : -2.259

Type  : Slow 1100mV 85C Model Hold 'clock_div:clock_divider|clk_out'
Slack : 0.296
TNS   : 0.000

Type  : Slow 1100mV 85C Model Hold 'CLOCK_50'
Slack : 0.522
TNS   : 0.000

Type  : Slow 1100mV 85C Model Recovery 'clock_div:clock_divider|clk_out'
Slack : -2.298
TNS   : -13.768

Type  : Slow 1100mV 85C Model Removal 'clock_div:clock_divider|clk_out'
Slack : 1.199
TNS   : 0.000

Type  : Slow 1100mV 85C Model Minimum Pulse Width 'CLOCK_50'
Slack : -0.624
TNS   : -2.021

Type  : Slow 1100mV 85C Model Minimum Pulse Width 'clock_div:clock_divider|clk_out'
Slack : -0.437
TNS   : -105.306

Type  : Slow 1100mV 0C Model Setup 'clock_div:clock_divider|clk_out'
Slack : -9.305
TNS   : -820.539

Type  : Slow 1100mV 0C Model Setup 'CLOCK_50'
Slack : -1.676
TNS   : -2.198

Type  : Slow 1100mV 0C Model Hold 'clock_div:clock_divider|clk_out'
Slack : 0.353
TNS   : 0.000

Type  : Slow 1100mV 0C Model Hold 'CLOCK_50'
Slack : 0.505
TNS   : 0.000

Type  : Slow 1100mV 0C Model Recovery 'clock_div:clock_divider|clk_out'
Slack : -2.284
TNS   : -13.685

Type  : Slow 1100mV 0C Model Removal 'clock_div:clock_divider|clk_out'
Slack : 1.142
TNS   : 0.000

Type  : Slow 1100mV 0C Model Minimum Pulse Width 'CLOCK_50'
Slack : -0.673
TNS   : -2.230

Type  : Slow 1100mV 0C Model Minimum Pulse Width 'clock_div:clock_divider|clk_out'
Slack : -0.438
TNS   : -105.747

Type  : Fast 1100mV 85C Model Setup 'clock_div:clock_divider|clk_out'
Slack : -4.810
TNS   : -463.380

Type  : Fast 1100mV 85C Model Setup 'CLOCK_50'
Slack : -0.899
TNS   : -0.921

Type  : Fast 1100mV 85C Model Hold 'clock_div:clock_divider|clk_out'
Slack : 0.128
TNS   : 0.000

Type  : Fast 1100mV 85C Model Hold 'CLOCK_50'
Slack : 0.277
TNS   : 0.000

Type  : Fast 1100mV 85C Model Recovery 'clock_div:clock_divider|clk_out'
Slack : -1.052
TNS   : -6.302

Type  : Fast 1100mV 85C Model Removal 'clock_div:clock_divider|clk_out'
Slack : 0.532
TNS   : 0.000

Type  : Fast 1100mV 85C Model Minimum Pulse Width 'CLOCK_50'
Slack : -0.736
TNS   : -2.373

Type  : Fast 1100mV 85C Model Minimum Pulse Width 'clock_div:clock_divider|clk_out'
Slack : -0.197
TNS   : -6.824

Type  : Fast 1100mV 0C Model Setup 'clock_div:clock_divider|clk_out'
Slack : -4.526
TNS   : -407.598

Type  : Fast 1100mV 0C Model Setup 'CLOCK_50'
Slack : -0.749
TNS   : -0.749

Type  : Fast 1100mV 0C Model Hold 'clock_div:clock_divider|clk_out'
Slack : 0.129
TNS   : 0.000

Type  : Fast 1100mV 0C Model Hold 'CLOCK_50'
Slack : 0.249
TNS   : 0.000

Type  : Fast 1100mV 0C Model Recovery 'clock_div:clock_divider|clk_out'
Slack : -0.912
TNS   : -5.465

Type  : Fast 1100mV 0C Model Removal 'clock_div:clock_divider|clk_out'
Slack : 0.477
TNS   : 0.000

Type  : Fast 1100mV 0C Model Minimum Pulse Width 'CLOCK_50'
Slack : -0.784
TNS   : -2.634

Type  : Fast 1100mV 0C Model Minimum Pulse Width 'clock_div:clock_divider|clk_out'
Slack : -0.140
TNS   : -3.931

------------------------------------------------------------
